// Jest Snapshot v1, https://goo.gl/fbAQLP

exports[`Navbar should match snapshot 1`] = `
<nav
  className="sc-bdnxRM gBOXHT"
>
   
  <div
    className="sc-dlnjwi bmkcnO"
  >
    <a
      href="https://jussi.com.br/services.html"
      rel="noopener noreferrer"
      target="_blank"
    >
      Nossas soluções
    </a>
    <a
      href="https://jussi.com.br/"
      rel="noopener noreferrer"
      target="_blank"
    >
      Conheça a Jüssi
    </a>
  </div>
  <div
    className="sc-hKFxyN gLWLBP"
  >
    <input
      className="sc-gtsrHT jVDMiC"
      onChange={[Function]}
      onKeyPress={[Function]}
      placeholder="Buscar"
      type="text"
    />
    <div
      className="sc-eCApnc hmDsgX"
    >
      <a
        href="/"
        onClick={[Function]}
      >
        <a>
          <div>
             Login
          </div>
        </a>
      </a>
      <img
        alt="Shopping Cart - Jussi"
        src="shopping-cart.svg"
      />
    </div>
  </div>
</nav>
`;
