// Jest Snapshot v1, https://goo.gl/fbAQLP

exports[`Introduction should match snapshot 1`] = `
<div
  className="sc-bdnxRM esbENp"
>
  <div
    className="sc-dlnjwi cITVtS"
  >
    <div
      className="sc-gtsrHT bFJHrL"
    >
      CRIAMOS LOJAS QUE VENDEM MAIS
    </div>
    <p
      className="sc-hKFxyN eiRxFJ"
    >
      A Jüssi é especialista na criação de lojas usando a plataforma VTEX. Precisa criar sua loja ou migrar de plataforma?
    </p>
    <button
      className="sc-fujyAs fgQJVB"
    >
      Veja nossas soluções
    </button>
  </div>
  <div
    className="sc-eCApnc uIFuc"
  >
    <div
      className="sc-gKAaRy Qhblr"
    >
      <div
        className="sc-iCoGMd cobULX"
      >
        <button
          className="sc-fujyAs cTXVKe"
        >
          Mais detalhes
        </button>
      </div>
    </div>
    <div
      className="sc-jSFjdj fNMQKG"
    >
      <div
        className="sc-iCoGMd dwofpY"
      >
        <button
          className="sc-fujyAs cTXVKe"
        >
          Comprar em 12x
        </button>
      </div>
      <div
        className="sc-iCoGMd enjqMK"
      >
        <button
          className="sc-fujyAs cTXVKe"
        >
          Adicionar à sacola
        </button>
      </div>
    </div>
  </div>
</div>
`;
